herdr pane get w1:p1 --session fm-lab-pr269-52310-10541
herdr pane process-info --pane w1:p1 --session fm-lab-pr269-52310-10541
herdr status --json --session fm-lab-pr269-52310-10541
herdr pane read w1:p1 --source visible --format ansi --session fm-lab-pr269-52310-10541
herdr agent get w1:p1 --session fm-lab-pr269-52310-10541
herdr status --json --session fm-lab-pr269-52310-10541
herdr pane read w1:p1 --source recent --lines 200 --session fm-lab-pr269-52310-10541
herdr status --json --session fm-lab-pr269-52310-10541
herdr pane read w1:p1 --source recent --lines 200 --session fm-lab-pr269-52310-10541
herdr status --json --session fm-lab-pr269-52310-10541
herdr pane read w1:p1 --source recent --lines 200 --session fm-lab-pr269-52310-10541
herdr status --json --session fm-lab-pr269-52310-10541
herdr pane send-keys w1:p1 ctrl+s --session fm-lab-pr269-52310-10541
herdr status --json --session fm-lab-pr269-52310-10541
herdr pane read w1:p1 --source visible --format ansi --session fm-lab-pr269-52310-10541
herdr agent get w1:p1 --session fm-lab-pr269-52310-10541
herdr status --json --session fm-lab-pr269-52310-10541
herdr pane read w1:p1 --source recent --lines 200 --session fm-lab-pr269-52310-10541
herdr status --json --session fm-lab-pr269-52310-10541
herdr pane send-text w1:p1 [200~Reply with only the word BASEHERDR.[201~ --session fm-lab-pr269-52310-10541
herdr status --json --session fm-lab-pr269-52310-10541
herdr pane read w1:p1 --source recent --lines 200 --session fm-lab-pr269-52310-10541
herdr status --json --session fm-lab-pr269-52310-10541
herdr pane send-keys w1:p1 enter --session fm-lab-pr269-52310-10541
herdr status --json --session fm-lab-pr269-52310-10541
herdr pane read w1:p1 --source visible --format ansi --session fm-lab-pr269-52310-10541
herdr agent get w1:p1 --session fm-lab-pr269-52310-10541
herdr status --json --session fm-lab-pr269-52310-10541
herdr pane read w1:p1 --source recent --lines 200 --session fm-lab-pr269-52310-10541
